[    0.000000] Linux version 4.15.0-52-generic (buildd@lgw01-amd64-051) (gcc version 7.3.0 (Ubuntu 7.3.0-16ubuntu3)) #56-Ubuntu SMP Tue Jun 4 22:49:08 UTC 2019 (Ubuntu 4.15.0-52.56-generic 4.15.18)
[    0.000000] Command line: BOOT_IMAGE=/boot/vmlinuz-4.15.0-52-generic root=LABEL=cloudimg-rootfs ro console=tty1 console=ttyS0
[    0.000000] KERNEL supported cpus:
[    0.000000]   Intel GenuineIntel
[    0.000000]   AMD AuthenticAMD
[    0.000000]   Centaur CentaurHauls
[    0.000000] x86/fpu: Supporting XSAVE feature 0x001: 'x87 floating point registers'
[    0.000000] x86/fpu: Supporting XSAVE feature 0x002: 'SSE registers'
[    0.000000] x86/fpu: Supporting XSAVE feature 0x004: 'AVX registers'
[    0.000000] x86/fpu: xstate_offset[2]:  576, xstate_sizes[2]:  256
[    0.000000] x86/fpu: Enabled xstate features 0x7, context size is 832 bytes, using 'standard' format.
[    0.000000] e820: BIOS-provided physical RAM map:
[    0.000000] BIOS-e820: [mem 0x0000000000000000-0x000000000009fbff] usable
[    0.000000] BIOS-e820: [mem 0x000000000009fc00-0x000000000009ffff] reserved
[    0.000000] BIOS-e820: [mem 0x00000000000f0000-0x00000000000fffff] reserved
[    0.000000] BIOS-e820: [mem 0x0000000000100000-0x000000003ffeffff] usable
[    0.000000] BIOS-e820: [mem 0x000000003fff0000-0x000000003fffffff] ACPI data
[    0.000000] BIOS-e820: [mem 0x00000000fec00000-0x00000000fec00fff] reserved
[    0.000000] BIOS-e820: [mem 0x00000000fee00000-0x00000000fee00fff] reserved
[    0.000000] BIOS-e820: [mem 0x00000000fffc0000-0x00000000ffffffff] reserved
[    0.000000] NX (Execute Disable) protection: active
[    0.000000] SMBIOS 2.5 present.
[    0.000000] DMI: innotek GmbH VirtualBox/VirtualBox, BIOS VirtualBox 12/01/2006
[    0.000000] Hypervisor detected: KVM
[    0.000000] e820: last_pfn = 0x3fff0 max_arch_pfn = 0x400000000
[    0.000000] MTRR: Disabled
[    0.000000] x86/PAT: MTRRs disabled, skipping PAT initialization too.
[    0.000000] CPU MTRRs all blank - virtualized system.
[    0.000000] x86/PAT: Configuration [0-7]: WB  WT  UC- UC  WB  WT  UC- UC  
[    0.000000] found SMP MP-table at [mem 0x0009fff0-0x0009ffff] mapped at [        (ptrval)]
[    0.000000] Scanning 1 areas for low memory corruption
[    0.000000] RAMDISK: [mem 0x35a93000-0x36d40fff]
[    0.000000] ACPI: Early table checksum verification disabled
[    0.000000] ACPI: RSDP 0x00000000000E0000 000024 (v02 VBOX  )
[    0.000000] ACPI: XSDT 0x000000003FFF0030 00003C (v01 VBOX   VBOXXSDT 00000001 ASL  00000061)
[    0.000000] ACPI: FACP 0x000000003FFF00F0 0000F4 (v04 VBOX   VBOXFACP 00000001 ASL  00000061)
[    0.000000] ACPI: DSDT 0x000000003FFF0470 0022EA (v02 VBOX   VBOXBIOS 00000002 INTL 20100528)
[    0.000000] ACPI: FACS 0x000000003FFF0200 000040
[    0.000000] ACPI: FACS 0x000000003FFF0200 000040
[    0.000000] ACPI: APIC 0x000000003FFF0240 00005C (v02 VBOX   VBOXAPIC 00000001 ASL  00000061)
[    0.000000] ACPI: SSDT 0x000000003FFF02A0 0001CC (v01 VBOX   VBOXCPUT 00000002 INTL 20100528)
[    0.000000] No NUMA configuration found
[    0.000000] Faking a node at [mem 0x0000000000000000-0x000000003ffeffff]
[    0.000000] NODE_DATA(0) allocated [mem 0x3ffc5000-0x3ffeffff]
[    0.000000] kvm-clock: cpu 0, msr 0:3ff44001, primary cpu clock
[    0.000000] kvm-clock: Using msrs 4b564d01 and 4b564d00
[    0.000000] kvm-clock: using sched offset of 5486075950 cycles
[    0.000000] clocksource: kvm-clock: mask: 0xffffffffffffffff max_cycles: 0x1cd42e4dffb, max_idle_ns: 881590591483 ns
[    0.000000] Zone ranges:
[    0.000000]   DMA      [mem 0x0000000000001000-0x0000000000ffffff]
[    0.000000]   DMA32    [mem 0x0000000001000000-0x000000003ffeffff]
[    0.000000]   Normal   empty
[    0.000000]   Device   empty
[    0.000000] Movable zone start for each node
[    0.000000] Early memory node ranges
[    0.000000]   node   0: [mem 0x0000000000001000-0x000000000009efff]
[    0.000000]   node   0: [mem 0x0000000000100000-0x000000003ffeffff]
[    0.000000] Reserved but unavailable: 114 pages
[    0.000000] Initmem setup node 0 [mem 0x0000000000001000-0x000000003ffeffff]
[    0.000000] ACPI: PM-Timer IO Port: 0x4008
[    0.000000] IOAPIC[0]: apic_id 2, version 32, address 0xfec00000, GSI 0-23
[    0.000000] ACPI: INT_SRC_OVR (bus 0 bus_irq 0 global_irq 2 dfl dfl)
[    0.000000] ACPI: INT_SRC_OVR (bus 0 bus_irq 9 global_irq 9 low level)
[    0.000000] Using ACPI (MADT) for SMP configuration information
[    0.000000] smpboot: Allowing 2 CPUs, 0 hotplug CPUs
[    0.000000] PM: Registered nosave memory: [mem 0x00000000-0x00000fff]
[    0.000000] PM: Registered nosave memory: [mem 0x0009f000-0x0009ffff]
[    0.000000] PM: Registered nosave memory: [mem 0x000a0000-0x000effff]
[    0.000000] PM: Registered nosave memory: [mem 0x000f0000-0x000fffff]
[    0.000000] e820: [mem 0x40000000-0xfebfffff] available for PCI devices
[    0.000000] Booting paravirtualized kernel on KVM
[    0.000000] clocksource: refined-jiffies: mask: 0xffffffff max_cycles: 0xffffffff, max_idle_ns: 7645519600211568 ns
[    0.000000] random: get_random_bytes called from start_kernel+0x99/0x4fd with crng_init=0
[    0.000000] setup_percpu: NR_CPUS:8192 nr_cpumask_bits:2 nr_cpu_ids:2 nr_node_ids:1
[    0.000000] percpu: Embedded 46 pages/cpu @        (ptrval) s151552 r8192 d28672 u1048576
[    0.000000] PV qspinlock hash table entries: 256 (order: 0, 4096 bytes)
[    0.000000] Built 1 zonelists, mobility grouping on.  Total pages: 257913
[    0.000000] Policy zone: DMA32
[    0.000000] Kernel command line: BOOT_IMAGE=/boot/vmlinuz-4.15.0-52-generic root=LABEL=cloudimg-rootfs ro console=tty1 console=ttyS0
[    0.000000] Memory: 983456K/1048120K available (12300K kernel code, 2473K rwdata, 4272K rodata, 2408K init, 2416K bss, 64664K reserved, 0K cma-reserved)
[    0.000000] SLUB: HWalign=64, Order=0-3, MinObjects=0, CPUs=2, Nodes=1
[    0.000000] Kernel/User page tables isolation: enabled
[    0.000000] ftrace: allocating 39216 entries in 154 pages
[    0.004000] Hierarchical RCU implementation.
[    0.004000] 	RCU restricting CPUs from NR_CPUS=8192 to nr_cpu_ids=2.
[    0.004000] 	Tasks RCU enabled.
[    0.004000] RCU: Adjusting geometry for rcu_fanout_leaf=16, nr_cpu_ids=2
[    0.004000] NR_IRQS: 524544, nr_irqs: 440, preallocated irqs: 16
[    0.004000] Console: colour VGA+ 80x25
[    0.004000] console [tty1] enabled
[    0.004000] console [ttyS0] enabled
[    0.004000] ACPI: Core revision 20170831
[    0.004000] ACPI: 2 ACPI AML tables successfully acquired and loaded
[    0.004000] APIC: Switch to symmetric I/O mode setup
[    0.004000] x2apic enabled
[    0.004000] Switched APIC routing to physical x2apic.
[    0.004883] ..TIMER: vector=0x30 apic1=0 pin1=2 apic2=-1 pin2=-1
[    0.008003] tsc: Detected 2400.000 MHz processor
[    0.009094] Calibrating delay loop (skipped) preset value.. 4800.00 BogoMIPS (lpj=9600000)
[    0.012008] pid_max: default: 32768 minimum: 301
[    0.013639] Security Framework initialized
[    0.016008] Yama: becoming mindful.
[    0.017607] AppArmor: AppArmor initialized
[    0.020000] Dentry cache hash table entries: 131072 (order: 8, 1048576 bytes)
[    0.020102] Inode-cache hash table entries: 65536 (order: 7, 524288 bytes)
[    0.022048] Mount-cache hash table entries: 2048 (order: 2, 16384 bytes)
[    0.024013] Mountpoint-cache hash table entries: 2048 (order: 2, 16384 bytes)
[    0.025832] mce: CPU supports 0 MCE banks
[    0.026770] Last level iTLB entries: 4KB 64, 2MB 8, 4MB 8
[    0.028005] Last level dTLB entries: 4KB 64, 2MB 0, 4MB 0, 1GB 4
[    0.029303] Spectre V2 : Mitigation: Full generic retpoline
[    0.030542] Spectre V2 : Spectre v2 / SpectreRSB mitigation: Filling RSB on context switch
[    0.032004] Speculative Store Bypass: Vulnerable
[    0.033220] MDS: Vulnerable: Clear CPU buffers attempted, no microcode
[    0.034798] Freeing SMP alternatives memory: 36K
[    0.040000] smpboot: CPU0: Intel(R) Core(TM) i5-6200U CPU @ 2.30GHz (family: 0x6, model: 0x4e, stepping: 0x3)
[    0.040000] Performance Events: unsupported p6 CPU model 78 no PMU driver, software events only.
[    0.040082] Hierarchical SRCU implementation.
[    0.044966] NMI watchdog: Perf event create on CPU 0 failed with -2
[    0.047667] NMI watchdog: Perf NMI watchdog permanently disabled
[    0.048119] smp: Bringing up secondary CPUs ...
[    0.052185] x86: Booting SMP configuration:
[    0.054001] .... node  #0, CPUs:      #1
[    0.004000] kvm-clock: cpu 1, msr 0:3ff44041, secondary cpu clock
[    0.004000] mce: CPU supports 0 MCE banks
[    0.062021] smp: Brought up 1 node, 2 CPUs
[    0.062021] smpboot: Max logical packages: 1
[    0.064011] smpboot: Total of 2 processors activated (9600.00 BogoMIPS)
[    0.066245] devtmpfs: initialized
[    0.068088] x86/mm: Memory block size: 128MB
[    0.069660] evm: security.selinux
[    0.070767] evm: security.SMACK64
[    0.072012] evm: security.SMACK64EXEC
[    0.073201] evm: security.SMACK64TRANSMUTE
[    0.074587] evm: security.SMACK64MMAP
[    0.075730] evm: security.apparmor
[    0.076010] evm: security.ima
[    0.077461] evm: security.capability
[    0.080202] clocksource: jiffies: mask: 0xffffffff max_cycles: 0xffffffff, max_idle_ns: 7645041785100000 ns
[    0.082942] futex hash table entries: 512 (order: 3, 32768 bytes)
[    0.084118] pinctrl core: initialized pinctrl subsystem
[    0.088239] RTC time: 23:55:45, date: 06/22/19
[    0.092249] NET: Registered protocol family 16
[    0.093832] audit: initializing netlink subsys (disabled)
[    0.096074] audit: type=2000 audit(1561247752.512:1): state=initialized audit_enabled=0 res=1
[    0.100024] cpuidle: using governor ladder
[    0.101737] cpuidle: using governor menu
[    0.104085] ACPI: bus type PCI registered
[    0.105903] acpiphp: ACPI Hot Plug PCI Controller Driver version: 0.5
[    0.108197] PCI: Using configuration type 1 for base access
[    0.112070] HugeTLB registered 2.00 MiB page size, pre-allocated 0 pages
[    0.116138] ACPI: Added _OSI(Module Device)
[    0.117378] ACPI: Added _OSI(Processor Device)
[    0.120027] ACPI: Added _OSI(3.0 _SCP Extensions)
[    0.121437] ACPI: Added _OSI(Processor Aggregator Device)
[    0.124027] ACPI: Added _OSI(Linux-Dell-Video)
[    0.125877] ACPI: Added _OSI(Linux-Lenovo-NV-HDMI-Audio)
[    0.127522] ACPI: Added _OSI(Linux-HPI-Hybrid-Graphics)
[    0.128545] ACPI: Executed 1 blocks of module-level executable AML code
[    0.138652] ACPI: Interpreter enabled
[    0.140033] ACPI: (supports S0 S5)
[    0.141110] ACPI: Using IOAPIC for interrupt routing
[    0.143450] PCI: Using host bridge windows from ACPI; if necessary, use "pci=nocrs" and report a bug
[    0.144374] ACPI: Enabled 2 GPEs in block 00 to 07
[    0.164673] ACPI: PCI Root Bridge [PCI0] (domain 0000 [bus 00-ff])
[    0.167076] acpi PNP0A03:00: _OSC: OS supports [ASPM ClockPM Segments MSI]
[    0.169180] acpi PNP0A03:00: _OSC: not requesting OS control; OS requires [ExtendedConfig ASPM ClockPM MSI]
[    0.172033] acpi PNP0A03:00: fail to add MMCONFIG information, can't access extended PCI configuration space under this bridge.
[    0.176702] PCI host bridge to bus 0000:00
[    0.180009] pci_bus 0000:00: root bus resource [io  0x0000-0x0cf7 window]
[    0.182414] pci_bus 0000:00: root bus resource [io  0x0d00-0xffff window]
[    0.184014] pci_bus 0000:00: root bus resource [mem 0x000a0000-0x000bffff window]
[    0.188012] pci_bus 0000:00: root bus resource [mem 0x40000000-0xfdffffff window]
[    0.190237] pci_bus 0000:00: root bus resource [bus 00-ff]
[    0.195108] pci 0000:00:01.1: legacy IDE quirk: reg 0x10: [io  0x01f0-0x01f7]
[    0.196010] pci 0000:00:01.1: legacy IDE quirk: reg 0x14: [io  0x03f6]
[    0.198254] pci 0000:00:01.1: legacy IDE quirk: reg 0x18: [io  0x0170-0x0177]
[    0.200012] pci 0000:00:01.1: legacy IDE quirk: reg 0x1c: [io  0x0376]
[    0.226528] pci 0000:00:07.0: quirk: [io  0x4000-0x403f] claimed by PIIX4 ACPI
[    0.228029] pci 0000:00:07.0: quirk: [io  0x4100-0x410f] claimed by PIIX4 SMB
[    0.244210] ACPI: PCI Interrupt Link [LNKA] (IRQs 5 9 10 *11)
[    0.246141] ACPI: PCI Interrupt Link [LNKB] (IRQs 5 9 *10 11)
[    0.247743] ACPI: PCI Interrupt Link [LNKC] (IRQs 5 *9 10 11)
[    0.248168] ACPI: PCI Interrupt Link [LNKD] (IRQs 5 9 10 *11)
[    0.250189] SCSI subsystem initialized
[    0.252066] pci 0000:00:02.0: vgaarb: setting as boot VGA device
[    0.253576] pci 0000:00:02.0: vgaarb: VGA device added: decodes=io+mem,owns=io+mem,locks=none
[    0.256009] pci 0000:00:02.0: vgaarb: bridge control possible
[    0.257283] vgaarb: loaded
[    0.258105] ACPI: bus type USB registered
[    0.259107] usbcore: registered new interface driver usbfs
[    0.260015] usbcore: registered new interface driver hub
[    0.261349] usbcore: registered new device driver usb
[    0.262700] EDAC MC: Ver: 3.0.0
[    0.264300] PCI: Using ACPI for IRQ routing
[    0.265458] NetLabel: Initializing
[    0.266335] NetLabel:  domain hash size = 128
[    0.268004] NetLabel:  protocols = UNLABELED CIPSOv4 CALIPSO
[    0.269293] NetLabel:  unlabeled traffic allowed by default
[    0.270901] clocksource: Switched to clocksource kvm-clock
[    0.291901] VFS: Disk quotas dquot_6.6.0
[    0.292947] VFS: Dquot-cache hash table entries: 512 (order 0, 4096 bytes)
[    0.294612] AppArmor: AppArmor Filesystem Enabled
[    0.295908] pnp: PnP ACPI init
[    0.298083] pnp: PnP ACPI: found 3 devices
[    0.309817] clocksource: acpi_pm: mask: 0xffffff max_cycles: 0xffffff, max_idle_ns: 2085701024 ns
[    0.311972] NET: Registered protocol family 2
[    0.316878] TCP established hash table entries: 8192 (order: 4, 65536 bytes)
[    0.318562] TCP bind hash table entries: 8192 (order: 5, 131072 bytes)
[    0.320139] TCP: Hash tables configured (established 8192 bind 8192)
[    0.321611] UDP hash table entries: 512 (order: 2, 16384 bytes)
[    0.323156] UDP-Lite hash table entries: 512 (order: 2, 16384 bytes)
[    0.325378] NET: Registered protocol family 1
[    0.327145] pci 0000:00:00.0: Limiting direct PCI/PCI transfers
[    0.328961] pci 0000:00:01.0: Activating ISA DMA hang workarounds
[    0.330418] pci 0000:00:02.0: Video device with shadowed ROM at [mem 0x000c0000-0x000dffff]
[    0.332538] Unpacking initramfs...
[    0.742113] Freeing initrd memory: 19128K
[    0.743333] clocksource: tsc: mask: 0xffffffffffffffff max_cycles: 0x22983777dd9, max_idle_ns: 440795300422 ns
[    0.745890] platform rtc_cmos: registered platform RTC device (no PNP device found)
[    0.747855] Scanning for low memory corruption every 60 seconds
[    0.750320] Initialise system trusted keyrings
[    0.751489] Key type blacklist registered
[    0.752566] workingset: timestamp_bits=36 max_order=18 bucket_order=0
[    0.755370] zbud: loaded
[    0.756805] squashfs: version 4.0 (2009/01/31) Phillip Lougher
[    0.758467] fuse init (API version 7.26)
[    0.765431] Key type asymmetric registered
[    0.766518] Asymmetric key parser 'x509' registered
[    0.767752] Block layer SCSI generic (bsg) driver version 0.4 loaded (major 246)
[    0.769917] io scheduler noop registered
[    0.770844] io scheduler deadline registered
[    0.771933] io scheduler cfq registered (default)
[    0.773507] ACPI: AC Adapter [AC] (on-line)
[    0.774705] input: Power Button as /devices/LNXSYSTM:00/LNXPWRBN:00/input/input0
[    0.776637] ACPI: Power Button [PWRF]
[    0.777725] input: Sleep Button as /devices/LNXSYSTM:00/LNXSLPBN:00/input/input1
[    0.779540] ACPI: Sleep Button [SLPF]
[    0.782128] ACPI: Battery Slot [BAT0] (battery present)
[    0.783717] Serial: 8250/16550 driver, 32 ports, IRQ sharing enabled
[    0.806434] 00:02: ttyS0 at I/O 0x3f8 (irq = 4, base_baud = 115200) is a 16550A
[    0.813688] Linux agpgart interface v0.103
[    0.817299] loop: module loaded
[    0.818877] scsi host0: ata_piix
[    0.819934] scsi host1: ata_piix
[    0.820846] ata1: PATA max UDMA/33 cmd 0x1f0 ctl 0x3f6 bmdma 0xd000 irq 14
[    0.822430] ata2: PATA max UDMA/33 cmd 0x170 ctl 0x376 bmdma 0xd008 irq 15
[    0.824252] libphy: Fixed MDIO Bus: probed
[    0.825403] tun: Universal TUN/TAP device driver, 1.6
[    0.827028] PPP generic driver version 2.4.2
[    0.828304] ehci_hcd: USB 2.0 'Enhanced' Host Controller (EHCI) Driver
[    0.829939] ehci-pci: EHCI PCI platform driver
[    0.831060] ehci-platform: EHCI generic platform driver
[    0.832276] ohci_hcd: USB 1.1 'Open' Host Controller (OHCI) Driver
[    0.833803] ohci-pci: OHCI PCI platform driver
[    0.834993] ohci-platform: OHCI generic platform driver
[    0.836238] uhci_hcd: USB Universal Host Controller Interface driver
[    0.837873] i8042: PNP: PS/2 Controller [PNP0303:PS2K,PNP0f03:PS2M] at 0x60,0x64 irq 1,12
[    0.840736] serio: i8042 KBD port at 0x60,0x64 irq 1
[    0.842063] serio: i8042 AUX port at 0x60,0x64 irq 12
[    0.843786] mousedev: PS/2 mouse device common for all mice
[    0.845889] input: AT Translated Set 2 keyboard as /devices/platform/i8042/serio0/input/input2
[    0.848203] rtc_cmos rtc_cmos: rtc core: registered rtc_cmos as rtc0
[    0.849774] rtc_cmos rtc_cmos: alarms up to one day, 114 bytes nvram
[    0.851505] i2c /dev entries driver
[    0.852482] device-mapper: uevent: version 1.0.3
[    0.853831] device-mapper: ioctl: 4.37.0-ioctl (2017-09-20) initialised: dm-devel@redhat.com
[    0.855827] ledtrig-cpu: registered to indicate activity on CPUs
[    0.857769] NET: Registered protocol family 10
[    0.864680] Segment Routing with IPv6
[    0.865672] NET: Registered protocol family 17
[    0.866904] Key type dns_resolver registered
[    0.868523] RAS: Correctable Errors collector initialized.
[    0.869931] sched_clock: Marking stable (868476355, 0)->(1232741745, -364265390)
[    0.873025] registered taskstats version 1
[    0.874125] Loading compiled-in X.509 certificates
[    0.878524] Loaded X.509 cert 'Build time autogenerated kernel key: 090ea8f218b1de455a55c926855dfde92833e981'
[    0.880956] zswap: loaded using pool lzo/zbud
[    0.887267] Key type big_key registered
[    0.888385] Key type trusted registered
[    0.892017] Key type encrypted registered
[    0.893395] AppArmor: AppArmor sha1 policy hashing enabled
[    0.895263] ima: No TPM chip found, activating TPM-bypass! (rc=-19)
[    0.897415] ima: Allocated hash algorithm: sha1
[    0.899161] evm: HMAC attrs: 0x1
[    0.900647]   Magic number: 7:984:959
[    0.902051] rtc_cmos rtc_cmos: setting system clock to 2019-06-22 23:55:46 UTC (1561247746)
[    0.904964] BIOS EDD facility v0.16 2004-Jun-25, 0 devices found
[    0.906985] EDD information not available.
[    0.987723] Freeing unused kernel image memory: 2408K
[    1.006786] Write protecting the kernel read-only data: 20480k
[    1.009168] Freeing unused kernel image memory: 2008K
[    1.010885] Freeing unused kernel image memory: 1872K
[    1.022381] x86/mm: Checked W+X mappings: passed, no W+X pages found.
[    1.023865] x86/mm: Checking user space page tables
[    1.034958] x86/mm: Checked W+X mappings: passed, no W+X pages found.
Loading, please wait...
starting version 237
[    1.123544] e1000: Intel(R) PRO/1000 Network Driver - version 7.3.21-k8-NAPI
[    1.125858] e1000: Copyright (c) 1999-2006 Intel Corporation.
[    1.134192] Fusion MPT base driver 3.04.20
[    1.135667] Copyright (c) 1999-2008 LSI Corporation
[    1.186435] Fusion MPT SPI Host driver 3.04.20
[    1.188191] AVX2 version of gcm_enc/dec engaged.
[    1.190711] AES CTR mode by8 optimization enabled
[    1.364346] input: ImExPS/2 Generic Explorer Mouse as /devices/platform/i8042/serio1/input/input4
[    1.635034] e1000 0000:00:03.0 eth0: (PCI:33MHz:32-bit) 02:9b:34:e4:fb:b3
[    1.636860] e1000 0000:00:03.0 eth0: Intel(R) PRO/1000 Network Connection
[    1.640715] mptbase: ioc0: Initiating bringup
[    1.736925] ioc0: LSI53C1030 A0: Capabilities={Initiator}
[    2.184130] scsi host2: ioc0: LSI53C1030 A0, FwRev=00000000h, Ports=1, MaxQ=256, IRQ=20
[    2.400328] scsi 2:0:0:0: Direct-Access     VBOX     HARDDISK         1.0  PQ: 0 ANSI: 5
[    2.448927] scsi target2:0:0: Beginning Domain Validation
[    2.452277] scsi target2:0:0: Domain Validation skipping write tests
[    2.453962] scsi target2:0:0: Ending Domain Validation
[    2.455562] scsi target2:0:0: asynchronous
[    2.457328] scsi 2:0:1:0: Direct-Access     VBOX     HARDDISK         1.0  PQ: 0 ANSI: 5
[    2.795168] scsi target2:0:1: Beginning Domain Validation
[    2.799544] random: fast init done
[    2.801574] scsi target2:0:1: Domain Validation skipping write tests
[    2.803073] scsi target2:0:1: Ending Domain Validation
[    2.804431] scsi target2:0:1: asynchronous
[    2.813857] random: systemd-udevd: uninitialized urandom read (16 bytes read)
[    2.815546] random: systemd-udevd: uninitialized urandom read (16 bytes read)
[    2.817333] random: systemd-udevd: uninitialized urandom read (16 bytes read)
[    2.820224] sd 2:0:0:0: Attached scsi generic sg0 type 0
[    2.821816] sd 2:0:0:0: [sda] 20971520 512-byte logical blocks: (10.7 GB/10.0 GiB)
[    2.824548] sd 2:0:0:0: [sda] Write Protect is off
[    2.826284] sd 2:0:0:0: [sda] Incomplete mode parameter data
[    2.827943] sd 2:0:0:0: [sda] Assuming drive cache: write through
[    2.829841] sd 2:0:1:0: Attached scsi generic sg1 type 0
[    2.833167] sd 2:0:1:0: [sdb] 20480 512-byte logical blocks: (10.5 MB/10.0 MiB)
[    2.835179] e1000 0000:00:08.0 eth1: (PCI:33MHz:32-bit) 08:00:27:80:be:d8
[    2.837038] e1000 0000:00:08.0 eth1: Intel(R) PRO/1000 Network Connection
[    2.838596] sd 2:0:1:0: [sdb] Write Protect is off
[    2.840121] sd 2:0:1:0: [sdb] Incomplete mode parameter data
[    2.841596] sd 2:0:1:0: [sdb] Assuming drive cache: write through
[    2.846057] e1000 0000:00:03.0 enp0s3: renamed from eth0
[    2.860919] e1000 0000:00:08.0 enp0s8: renamed from eth1
[    2.888252]  sda: sda1
[    2.890385] sd 2:0:0:0: [sda] Attached SCSI disk
[    2.918392] sd 2:0:1:0: [sdb] Attached SCSI disk
Begin: Loading essential drivers ... [    4.736079] raid6: sse2x1   gen()  7818 MB/s
[    4.784083] raid6: sse2x1   xor()  5572 MB/s
[    4.832470] raid6: sse2x2   gen() 11035 MB/s
[    4.880329] raid6: sse2x2   xor()  7364 MB/s
[    4.928118] raid6: sse2x4   gen() 11393 MB/s
[    4.976050] raid6: sse2x4   xor()  7944 MB/s
[    5.024093] raid6: avx2x1   gen() 17944 MB/s
[    5.072037] raid6: avx2x1   xor() 12115 MB/s
[    5.120415] raid6: avx2x2   gen() 22411 MB/s
[    5.168227] raid6: avx2x2   xor() 13634 MB/s
[    5.216070] raid6: avx2x4   gen() 23972 MB/s
[    5.264048] raid6: avx2x4   xor() 15047 MB/s
[    5.265249] raid6: using algorithm avx2x4 gen() 23972 MB/s
[    5.266601] raid6: .... xor() 15047 MB/s, rmw enabled
[    5.267869] raid6: using avx2x2 recovery algorithm
[    5.270589] xor: automatically using best checksumming function   avx       
[    5.273941] async_tx: api initialized (async)
done.
Begin: Running /scripts/init-premount ... done.
Begin: Mounting root file system ... Begin: Running /scripts/local-top ... done.
Begin: Running /scripts/local-premount ... [    5.329087] Btrfs loaded, crc32c=crc32c-intel
Scanning for Btrfs filesystems
done.
Warning: fsck not present, so skipping root file system
[    5.470510] EXT4-fs (sda1): mounted filesystem with ordered data mode. Opts: (null)
done.
Begin: Running /scripts/local-bottom ... done.
Begin: Running /scripts/init-bottom ... done.
[    6.881857] ip_tables: (C) 2000-2006 Netfilter Core Team
[    6.968156] random: crng init done
[    6.969963] random: 7 urandom warning(s) missed due to ratelimiting
[    7.018224] systemd[1]: systemd 237 running in system mode. (+PAM +AUDIT +SELINUX +IMA +APPARMOR +SMACK +SYSVINIT +UTMP +LIBCRYPTSETUP +GCRYPT +GNUTLS +ACL +XZ +LZ4 +SECCOMP +BLKID +ELFUTILS +KMOD -IDN2 +IDN -PCRE2 default-hierarchy=hybrid)
[    7.025066] systemd[1]: Detected virtualization oracle.
[    7.026766] systemd[1]: Detected architecture x86-64.

Welcome to [1mUbuntu 18.04.2 LTS[0m!

[    7.081221] systemd[1]: Set hostname to <docker-rocks>.
[    9.375765] systemd[1]: Set up automount Arbitrary Executable File Formats File System Automount Point.
[[0;32m  OK  [0m] Set up automount Arbitrary Executabâ€¦rmats File System Automount Point.
[    9.390434] systemd[1]: Created slice System Slice.
[[0;32m  OK  [0m] Created slice System Slice.
[    9.392510] systemd[1]: Listening on Journal Socket.
[[0;32m  OK  [0m] Listening on Journal Socket.
[    9.404909] systemd[1]: Listening on LVM2 metadata daemon socket.
[[0;32m  OK  [0m] Listening on LVM2 metadata daemon socket.
[    9.419690] systemd[1]: Listening on Syslog Socket.
[[0;32m  OK  [0m] Listening on Syslog Socket.
[    9.421926] systemd[1]: Listening on LVM2 poll daemon socket.
[[0;32m  OK  [0m] Listening on LVM2 poll daemon socket.
[[0;32m  OK  [0m] Listening on Network Service Netlink Socket.
         Starting Create list of required stâ€¦ce nodes for the current kernel...
[[0;32m  OK  [0m] Listening on udev Kernel Socket.
[[0;32m  OK  [0m] Reached target Swap.
         Starting Set the console keyboard layout...
[[0;32m  OK  [0m] Created slice User and Session Slice.
[[0;32m  OK  [0m] Reached target Slices.
         Mounting Huge Pages File System...
[[0;32m  OK  [0m] Started Forward Password Requests to Wall Directory Watch.
         Mounting Kernel Debug File System...
[[0;32m  OK  [0m] Listening on Journal Socket (/dev/log).
         Starting Remount Root and Kernel File Systems...
[[0;32m  OK  [0m] Listening on Device-mapper event daemon FIFOs.
         Starting Monitoring of LVM2 mirrorsâ€¦ng dmeventd or progress polling...
[[0;32m  OK  [0m] Listening on udev Control Socket.
         Starting udev Coldplug all Devices...
[[0;32m  OK  [0m] Listening on /dev/initctl Compatibility Named Pipe.
         Mounting POSIX Message Queue File System...
[[0;32m  OK  [0m] Reached target User and Group Name Lookups.
         Starting Load Kernel Modules...
[[0;32m  OK  [0m] Reached target System Time Synchronized.
[[0;32m  OK  [0m] Listening on Journal Audit Socket.
         Starting Journal Service...
[[0;32m  OK  [0m] Created slice system-serial\x2dgetty.slice.
         Starting Uncomplicated firewall...
[[0;32m  OK  [0m] Started Create list of required staâ€¦vice nodes for the current kernel.
         Starting Create Static Device Nodes in /dev...
[[0;32m  OK  [0m] Started udev Coldplug all Devices.
[[0;32m  OK  [0m] Started Uncomplicated firewall.
[[0;32m  OK  [0m] Started Journal Service.
[   10.248993] Loading iSCSI transport class v2.0-870.
[[0;32m  OK  [0m] Started Create Static Device Nodes in /dev.
[   10.365566] iscsi: registered transport (tcp)
[   10.433020] iscsi: registered transport (iser)
[[0;32m  OK  [0m] Started Load Kernel Modules.
         Mounting Kernel Configuration File System...
         Starting Apply Kernel Variables...
         Mounting FUSE Control File System...
[[0;32m  OK  [0m] Started Apply Kernel Variables.
[[0;32m  OK  [0m] Mounted Huge Pages File System.
[[0;32m  OK  [0m] Mounted Kernel Debug File System.
[[0;32m  OK  [0m] Mounted POSIX Message Queue File System.
[[0;32m  OK  [0m] Mounted Kernel Configuration File System.
[[0;32m  OK  [0m] Mounted FUSE Control File System.
[[0;32m  OK  [0m] Started LVM2 metadata daemon.
[[0;32m  OK  [0m] Started Remount Root and Kernel File Systems.
         Starting Load/Save Random Seed...
         Starting udev Kernel Device Manager...
         Starting Flush Journal to Persistent Storage...
[[0;32m  OK  [0m] Started Load/Save Random Seed.
[[0;32m  OK  [0m] Started Monitoring of LVM2 mirrors,â€¦sing dmeventd or progress polling.
[[0;32m  OK  [0m] Started Set the console keyboard layout.
[[0;32m  OK  [0m] Reached target Local File Systems (Pre).
[[0;32m  OK  [0m] Reached target Local File Systems.
         Starting Tell Plymouth To Write Out Runtime Data...
         Starting AppArmor initialization...
         Starting Set console font and keymap...
         Starting ebtables ruleset management...
[[0;32m  OK  [0m] Started udev Kernel Device Manager.
[[0;32m  OK  [0m] Started Dispatch Password Requests to Console Directory Watch.
[[0;32m  OK  [0m] Reached target Local Encrypted Volumes.
[[0;32m  OK  [0m] Started Tell Plymouth To Write Out Runtime Data.
[[0;32m  OK  [0m] Started Set console font and keymap.
[[0;32m  OK  [0m] Found device /dev/ttyS0.
[[0;32m  OK  [0m] Listening on Load/Save RF Kill Switch Status /dev/rfkill Watch.
[[0;32m  OK  [0m] Started ebtables ruleset management.
[[0;32m  OK  [0m] Started Flush Journal to Persistent Storage.
         Starting Create Volatile Files and Directories...
[[0;32m  OK  [0m] Started Create Volatile Files and Directories.
         Starting Update UTMP about System Boot/Shutdown...
[[0;32m  OK  [0m] Started Update UTMP about System Boot/Shutdown.
[[0;32m  OK  [0m] Started AppArmor initialization.
         Starting Initial cloud-init job (pre-networking)...
[   20.077881] cloud-init[574]: Cloud-init v. 19.1-1-gbaa47854-0ubuntu1~18.04.1 running 'init-local' at Sat, 22 Jun 2019 23:56:04 +0000. Up 19.25 seconds.
[[0;32m  OK  [0m] Started Initial cloud-init job (pre-networking).
[[0;32m  OK  [0m] Reached target Network (Pre).
         Starting Network Service...
[[0;32m  OK  [0m] Started Network Service.
         Starting Network Name Resolution...
         Starting Wait for Network to be Configured...
[[0;32m  OK  [0m] Started Network Name Resolution.
[[0;32m  OK  [0m] Reached target Host and Network Name Lookups.
[[0;32m  OK  [0m] Reached target Network.
[[0;32m  OK  [0m] Started Wait for Network to be Configured.
         Starting Initial cloud-init job (metadata service crawler)...
[   23.074084] cloud-init[694]: Cloud-init v. 19.1-1-gbaa47854-0ubuntu1~18.04.1 running 'init' at Sat, 22 Jun 2019 23:56:08 +0000. Up 22.65 seconds.
[   23.076887] cloud-init[694]: ci-info: ++++++++++++++++++++++++++++++++++++++Net device info+++++++++++++++++++++++++++++++++++++++
[   23.079353] cloud-init[694]: ci-info: +--------+------+-----------------------------+---------------+--------+-------------------+
[   23.081557] cloud-init[694]: ci-info: | Device |  Up  |           Address           |      Mask     | Scope  |     Hw-Address    |
[   23.084263] cloud-init[694]: ci-info: +--------+------+-----------------------------+---------------+--------+-------------------+
[   23.086465] cloud-init[694]: ci-info: | enp0s3 | True |          10.0.2.15          | 255.255.255.0 | global | 02:9b:34:e4:fb:b3 |
[   23.089114] cloud-init[694]: ci-info: | enp0s3 | True |  fe80::9b:34ff:fee4:fbb3/64 |       .       |  link  | 02:9b:34:e4:fb:b3 |
[   23.091254] cloud-init[694]: ci-info: | enp0s8 | True |        192.168.33.10        | 255.255.255.0 | global | 08:00:27:80:be:d8 |
[   23.093258] cloud-init[694]: ci-info: | enp0s8 | True | fe80::a00:27ff:fe80:bed8/64 |       .       |  link  | 08:00:27:80:be:d8 |
[   23.095543] cloud-init[694]: ci-info: |   lo   | True |          127.0.0.1          |   255.0.0.0   |  host  |         .         |
[   23.108430] cloud-init[694]: ci-info: |   lo   | True |           ::1/128           |       .       |  host  |         .         |
[   23.110724] cloud-init[694]: ci-info: +--------+------+-----------------------------+---------------+--------+-------------------+
[   23.113219] cloud-init[694]: ci-info: +++++++++++++++++++++++++++++Route IPv4 info+++++++++++++++++++++++++++++
[   23.115531] cloud-init[694]: ci-info: +-------+--------------+----------+-----------------+-----------+-------+
[   23.117837] cloud-init[694]: ci-info: | Route | Destination  | Gateway  |     Genmask     | Interface | Flags |
[   23.120017] cloud-init[694]: ci-info: +-------+--------------+----------+-----------------+-----------+-------+
[   23.132543] cloud-init[694]: ci-info: |   0   |   0.0.0.0    | 10.0.2.2 |     0.0.0.0     |   enp0s3  |   UG  |
[   23.134904] cloud-init[694]: ci-info: |   1   |   10.0.2.0   | 0.0.0.0  |  255.255.255.0  |   enp0s3  |   U   |
[   23.136915] cloud-init[694]: ci-info: |   2   |   10.0.2.2   | 0.0.0.0  | 255.255.255.255 |   enp0s3  |   UH  |
[   23.139305] cloud-init[694]: ci-info: |   3   | 192.168.33.0 | 0.0.0.0  |  255.255.255.0  |   enp0s8  |   U   |
[   23.142185] cloud-init[694]: ci-info: +-------+--------------+----------+-----------------+-----------+-------+
[   23.144298] cloud-init[694]: ci-info: +++++++++++++++++++Route IPv6 info+++++++++++++++++++
[   23.146442] cloud-init[694]: ci-info: +-------+-------------+---------+-----------+-------+
[   23.148070] cloud-init[694]: ci-info: | Route | Destination | Gateway | Interface | Flags |
[   23.149971] cloud-init[694]: ci-info: +-------+-------------+---------+-----------+-------+
[   23.160297] cloud-init[694]: ci-info: |   1   |  fe80::/64  |    ::   |   enp0s8  |   U   |
[   23.161797] cloud-init[694]: ci-info: |   2   |  fe80::/64  |    ::   |   enp0s3  |   U   |
[   23.163730] cloud-init[694]: ci-info: |   4   |    local    |    ::   |   enp0s3  |   U   |
[   23.165337] cloud-init[694]: ci-info: |   5   |    local    |    ::   |   enp0s8  |   U   |
[   23.176682] cloud-init[694]: ci-info: |   6   |   ff00::/8  |    ::   |   enp0s8  |   U   |
[   23.178403] cloud-init[694]: ci-info: |   7   |   ff00::/8  |    ::   |   enp0s3  |   U   |
[   23.180498] cloud-init[694]: ci-info: +-------+-------------+---------+-----------+-------+
[[0;32m  OK  [0m] Started Initial cloud-init job (metadata service crawler).
[[0;32m  OK  [0m] Reached target System Initialization.
[[0;32m  OK  [0m] Listening on UUID daemon activation socket.
         Starting LXD - unix socket.
[[0;32m  OK  [0m] Started Daily Cleanup of Temporary Directories.
[[0;32m  OK  [0m] Listening on Open-iSCSI iscsid Socket.
[[0;32m  OK  [0m] Started ACPI Events Check.
[[0;32m  OK  [0m] Reached target Paths.
[[0;32m  OK  [0m] Started Discard unused blocks once a week.
[[0;32m  OK  [0m] Listening on D-Bus System Message Bus Socket.
[[0;32m  OK  [0m] Started Message of the Day.
[[0;32m  OK  [0m] Started Daily apt download activities.
[[0;32m  OK  [0m] Started Daily apt upgrade and clean activities.
[[0;32m  OK  [0m] Reached target Timers.
[[0;32m  OK  [0m] Listening on ACPID Listen Socket.
         Starting Docker Socket for the API.
         Starting Socket activation for snappy daemon.
[[0;32m  OK  [0m] Reached target Cloud-config availability.
[[0;32m  OK  [0m] Reached target Network is Online.
[[0;32m  OK  [0m] Reached target Remote File Systems (Pre).
[[0;32m  OK  [0m] Reached target Remote File Systems.
         Starting Availability of block devices...
[[0;32m  OK  [0m] Listening on LXD - unix socket.
[[0;32m  OK  [0m] Listening on Docker Socket for the API.
[[0;32m  OK  [0m] Listening on Socket activation for snappy daemon.
[[0;32m  OK  [0m] Reached target Sockets.
[[0;32m  OK  [0m] Reached target Basic System.
[[0;32m  OK  [0m] Started Deferred execution scheduler.
         Starting containerd container runtime...
         Starting Virtualbox guest utils...
         Starting Login Service...
         Starting OpenBSD Secure Shell server...
         Starting LSB: Record successful boot for GRUB...
         Starting Accounts Service...
[[0;32m  OK  [0m] Started Regular background program processing daemon.
         Starting System Logging Service...
         Starting MySQL Community Server...
         Starting LSB: automatic crash report generation...
[[0;32m  OK  [0m] Started irqbalance daemon.
[[0;32m  OK  [0m] Started FUSE filesystem for LXC.
         Starting Permit User Sessions...
[[0;32m  OK  [0m] Started D-Bus System Message Bus.
[[0;32m  OK  [0m] Started Login Service.
[[0;32m  OK  [0m] Started Unattended Upgrades Shutdown.
         Starting Dispatcher daemon for systemd-networkd...
         Starting Snappy daemon...
         Starting LXD - container startup/shutdown...
[[0;32m  OK  [0m] Started System Logging Service.
[[0;32m  OK  [0m] Started Availability of block devices.
[[0;32m  OK  [0m] Started containerd container runtime.
[[0;32m  OK  [0m] Started Permit User Sessions.
         Starting Hold until boot process finishes up...
         Starting Terminate Plymouth Boot Screen...
         Starting Docker Application Container Engine...
[[0;32m  OK  [0m] Started OpenBSD Secure Shell server.
[[0;32m  OK  [0m] Started Hold until boot process finishes up.
[[0;32m  OK  [0m] Started Serial Getty on ttyS0.
         Starting Set console scheme...
[[0;32m  OK  [0m] Started Terminate Plymouth Boot Screen.
[[0;32m  OK  [0m] Started Set console scheme.
[[0;32m  OK  [0m] Created slice system-getty.slice.
[[0;32m  OK  [0m] Started Getty on tty1.
[[0;32m  OK  [0m] Reached target Login Prompts.
         Starting Authorization Manager...
[[0;32m  OK  [0m] Started LSB: automatic crash report generation.
[[0;32m  OK  [0m] Started Authorization Manager.
[[0;32m  OK  [0m] Started Accounts Service.
[[0;32m  OK  [0m] Started LSB: Record successful boot for GRUB.
[[0;32m  OK  [0m] Started Virtualbox guest utils.

Ubuntu 18.04.2 LTS docker-rocks ttyS0

docker-rocks login: [   37.393462] cloud-init[1246]: Cloud-init v. 19.1-1-gbaa47854-0ubuntu1~18.04.1 running 'modules:config' at Sat, 22 Jun 2019 23:56:20 +0000. Up 34.79 seconds.
[   49.069478] cloud-init[2031]: Cloud-init v. 19.1-1-gbaa47854-0ubuntu1~18.04.1 running 'modules:final' at Sat, 22 Jun 2019 23:56:34 +0000. Up 48.75 seconds.
[   49.074671] cloud-init[2031]: Cloud-init v. 19.1-1-gbaa47854-0ubuntu1~18.04.1 finished at Sat, 22 Jun 2019 23:56:34 +0000. Datasource DataSourceNoCloud [seed=/dev/sdb][dsmode=net].  Up 49.04 seconds
